Operating system
Linux lima-assignment-ubuntu 7.0.0-28-generic #28-Ubuntu SMP PREEMPT_DYNAMIC Sun Jun 21 00:50:10 UTC 2026 aarch64 GNU/Linux
PRETTY_NAME="Ubuntu 26.04 LTS"
NAME="Ubuntu"
VERSION_ID="26.04"
VERSION="26.04 LTS (Resolute Raccoon)"
VERSION_CODENAME=resolute
ID=ubuntu
ID_LIKE=debian
HOME_URL="https://www.ubuntu.com/"
SUPPORT_URL="https://help.ubuntu.com/"
BUG_REPORT_URL="https://bugs.launchpad.net/ubuntu/"
PRIVACY_POLICY_URL="https://www.ubuntu.com/legal/terms-and-policies/privacy-policy"
UBUNTU_CODENAME=resolute
LOGO=ubuntu-logo

Hadoop version
Hadoop 3.5.0
Source code repository https://github.com/apache/hadoop.git -r dbcc7cd797100e6b32cd84f85b53a5193a5f9af0
Compiled by cnauroth on 2026-03-24T16:56Z

Java version
openjdk version "17.0.20" 2026-07-21
OpenJDK Runtime Environment (build 17.0.20+8-1-26.04-Ubuntu)
OpenJDK 64-Bit Server VM (build 17.0.20+8-1-26.04-Ubuntu, mixed mode, sharing)

Hadoop processes
18628 DataNode
18741 SecondaryNameNode
18518 NameNode
27546 Jps
